{
  "beforeDB": {
    "authentications": [
      {
        "deleted_at": null,
        "password_hash": "ANY",
        "user_id": "MDAwMDAwMDAwMEMzM0NSVEgwWDVBQzNSNlA="
      }
    ],
    "users": [
      {
        "deleted_at": null,
        "email": "sato@example.com",
        "id": "MDAwMDAwMDAwMEMzM0NSVEgwWDVBQzNSNlA=",
        "name": "Sato Taro12345678901"
      }
    ]
  },
  "afterDB": null,
  "request": {
    "url": "/api/v1/signin",
    "method": "POST",
    "header": {
      "Content-Type": [
        "application/json"
      ]
    },
    "body": {
      "email": "sato@example.com",
      "password": "password123456789012"
    },
    "query": "",
    "cookie": []
  },
  "response": {
    "statusCode": 201,
    "body": {
      "accessToken": "ANY"
    }
  }
}