{
  "beforeDB": {
    "authentications": [
      {
        "deleted_at": null,
        "password_hash": "ANY",
        "user_id": "0000000000C33CRTH0X5AC3R6P"
      }
    ],
    "users": [
      {
        "deleted_at": null,
        "email": "sato@example.com",
        "id": "0000000000C33CRTH0X5AC3R6P",
        "name": "Sato Taro12345678901"
      }
    ]
  },
  "afterDB": null,
  "request": {
    "url": "/api/v1/signin",
    "method": "POST",
    "header": {
      "Content-Type": [
        "application/json"
      ]
    },
    "body": {
      "email": "sato@example.com",
      "password": "diffPassword"
    },
    "query": "",
    "cookie": []
  },
  "response": {
    "statusCode": 401,
    "body": {
      "detail": "email or password is incorrect",
      "instance": "/api/v1/signin",
      "status": 401,
      "title": "Unauthorized",
      "type": "https://example.com/probs/unauthorized"
    }
  }
}